[19:51:27] train 1,771,508 / holdout 703,269（holdout hit10 基率 16.62%）
[19:51:27] 特徵集 ['base', '+fund', '+etf', '+chip', 'all']；種子 [42, 43, 44]
[19:51:27] 沿用既有 1 筆結果（同 set+seed 不重算）
[19:52:31]   base   seed43 特徵 47 棵 600 → AUC 0.715 前2%命中 52.24% 控波動 11.12pp 每日前3超額 39.83pp(t=24.7) [63s]
[19:53:31]   base   seed44 特徵 47 棵 600 → AUC 0.7157 前2%命中 51.81% 控波動 11.43pp 每日前3超額 42.05pp(t=26.8) [60s]
[19:54:38]   +fund  seed42 特徵 57 棵 600 → AUC 0.7174 前2%命中 51.25% 控波動 nanpp 每日前3超額 38.62pp(t=25.6) [66s]
[19:55:45]   +fund  seed43 特徵 57 棵 600 → AUC 0.7187 前2%命中 51.45% 控波動 9.68pp 每日前3超額 41.4pp(t=26.3) [67s]
[19:56:52]   +fund  seed44 特徵 57 棵 600 → AUC 0.7176 前2%命中 50.34% 控波動 nanpp 每日前3超額 39.0pp(t=24.2) [67s]
[19:57:57]   +etf   seed42 特徵 53 棵 600 → AUC 0.7133 前2%命中 51.33% 控波動 10.02pp 每日前3超額 40.11pp(t=24.3) [65s]
[19:59:01]   +etf   seed43 特徵 53 棵 600 → AUC 0.715 前2%命中 51.33% 控波動 10.36pp 每日前3超額 41.77pp(t=27.7) [63s]
[20:00:05]   +etf   seed44 特徵 53 棵 600 → AUC 0.7155 前2%命中 50.74% 控波動 10.25pp 每日前3超額 41.68pp(t=27.3) [65s]
[20:01:29]   +chip  seed42 特徵 82 棵 600 → AUC 0.7081 前2%命中 49.49% 控波動 8.55pp 每日前3超額 39.09pp(t=23.5) [83s]
[20:02:51]   +chip  seed43 特徵 82 棵 600 → AUC 0.7072 前2%命中 49.25% 控波動 8.93pp 每日前3超額 41.03pp(t=24.9) [82s]
[20:04:13]   +chip  seed44 特徵 82 棵 600 → AUC 0.7061 前2%命中 47.83% 控波動 7.35pp 每日前3超額 40.2pp(t=25.2) [82s]
[20:05:43]   all    seed42 特徵 98 棵 600 → AUC 0.7093 前2%命中 48.35% 控波動 7.0pp 每日前3超額 40.38pp(t=25.8) [89s]
[20:07:16]   all    seed43 特徵 98 棵 600 → AUC 0.7104 前2%命中 48.81% 控波動 7.43pp 每日前3超額 41.12pp(t=26.8) [93s]
[20:08:47]   all    seed44 特徵 98 棵 600 → AUC 0.7038 前2%命中 47.26% 控波動 6.35pp 每日前3超額 37.42pp(t=23.1) [90s]

=== holdout 2025+（基率 16.62%，3 種子 mean±sd）===
特徵集        欄     AUC           前2%命中           控波動增量          每日前3超額
base      47  0.7146      51.64±0.71      10.77±0.89      40.35±1.50
+fund     57  0.7179      51.01±0.59       9.68±nan       39.67±1.51
+etf      53  0.7146      51.13±0.34      10.21±0.17      41.19±0.93
+chip     82  0.7071      48.86±0.90       8.28±0.82      40.11±0.97
all       98  0.7078      48.14±0.80       6.93±0.54      39.64±1.96

--- 相對 base 的增量（判準：差距 ≤ 1 個 sd ＝ 沒有實質差異）---
  +fund   前2%命中  -0.62pp   控波動  -1.09pp（合併sd nan）  → 實質退步
  +etf    前2%命中  -0.50pp   控波動  -0.56pp（合併sd 0.91）  → 噪音內
  +chip   前2%命中  -2.78pp   控波動  -2.49pp（合併sd 1.22）  → 實質退步
  all     前2%命中  -3.50pp   控波動  -3.84pp（合併sd 1.05）  → 實質退步
[20:08:47] 完成（1040s）→ C:/Users/User/Desktop/python/TWAssisant/backend/data/pool_merge_ab.json
