[20:12:47] inf→NaN：6,008 個值
[20:12:50] 新特徵 51：旗標 31（稀有 20）／連續 20
[20:12:50] 重構：20 個連續型新特徵 → 同日橫斷面百分位 …
[20:12:56] train 1,771,508 / holdout 703,269（基率 16.62%）
[20:12:56] 特徵集 [('base', 47), ('all_raw', 98), ('all_rank', 98), ('all_lean', 78)]；容量 [600, 1500]；種子 [42, 43]
[20:13:31]   base      it600   seed42 欄 47 → AUC 0.7143 前2% 51.2% 控波動 10.88pp 每日前3 42.61pp(t=26.2) [36s]
[20:14:04]   base      it600   seed43 欄 47 → AUC 0.715 前2% 50.45% 控波動 10.08pp 每日前3 42.51pp(t=26.4) [33s]
[20:15:12]   base      it1500  seed42 欄 47 → AUC 0.7058 前2% 48.65% 控波動 9.72pp 每日前3 38.44pp(t=24.0) [67s]
[20:16:17]   base      it1500  seed43 欄 47 → AUC 0.7075 前2% 48.2% 控波動 9.48pp 每日前3 39.0pp(t=24.9) [65s]
[20:17:10]   all_raw   it600   seed42 欄 98 → AUC 0.7078 前2% 48.95% 控波動 7.34pp 每日前3 38.16pp(t=23.9) [53s]
[20:18:03]   all_raw   it600   seed43 欄 98 → AUC 0.7077 前2% 48.95% 控波動 7.62pp 每日前3 38.81pp(t=24.1) [52s]
[20:19:48]   all_raw   it1500  seed42 欄 98 → AUC 0.6935 前2% 46.35% 控波動 6.48pp 每日前3 33.44pp(t=20.1) [105s]
[20:21:33]   all_raw   it1500  seed43 欄 98 → AUC 0.6901 前2% 45.22% 控波動 5.98pp 每日前3 33.35pp(t=20.5) [105s]
[20:22:27]   all_rank  it600   seed42 欄 98 → AUC 0.6953 前2% 49.03% 控波動 8.65pp 每日前3 37.33pp(t=23.9) [54s]
[20:23:22]   all_rank  it600   seed43 欄 98 → AUC 0.699 前2% 49.0% 控波動 8.56pp 每日前3 33.53pp(t=21.3) [55s]
[20:25:11]   all_rank  it1500  seed42 欄 98 → AUC 0.6846 前2% 47.1% 控波動 8.27pp 每日前3 35.29pp(t=24.0) [109s]
[20:27:04]   all_rank  it1500  seed43 欄 98 → AUC 0.6868 前2% 47.32% 控波動 7.86pp 每日前3 32.51pp(t=22.0) [113s]
[20:27:52]   all_lean  it600   seed42 欄 78 → AUC 0.6951 前2% 48.79% 控波動 8.27pp 每日前3 34.55pp(t=22.8) [47s]
[20:28:39]   all_lean  it600   seed43 欄 78 → AUC 0.6976 前2% 49.3% 控波動 9.04pp 每日前3 36.31pp(t=23.5) [46s]
[20:30:11]   all_lean  it1500  seed42 欄 78 → AUC 0.6838 前2% 47.56% 控波動 8.69pp 每日前3 36.22pp(t=24.9) [93s]
[20:31:44]   all_lean  it1500  seed43 欄 78 → AUC 0.6866 前2% 47.33% 控波動 8.48pp 每日前3 33.72pp(t=21.8) [92s]

=== holdout 2025+（基率 16.62%；2 種子 mean±sd）===

-- max_iter = 600 --
特徵集          欄      AUC           前2%命中           控波動增量     vs base
base        47   0.7147      50.83±0.53      10.48±0.57            
all_raw     98   0.7077      48.95±0.00       7.48±0.20   -3.00pp ✗
all_rank    98   0.6971      49.02±0.02       8.61±0.06   -1.88pp ✗
all_lean    78   0.6964      49.05±0.36       8.65±0.54   -1.83pp ✗

-- max_iter = 1500 --
特徵集          欄      AUC           前2%命中           控波動增量     vs base
base        47   0.7067      48.42±0.32       9.60±0.17            
all_raw     98   0.6918      45.78±0.80       6.23±0.35   -3.37pp ✗
all_rank    98   0.6857      47.21±0.16       8.06±0.29   -1.54pp ✗
all_lean    78   0.6852      47.45±0.16       8.59±0.15   -1.02pp ✗

✓＝超出合併sd（實質增益）  ~＝噪音內  ✗＝實質退步
[20:31:44] 完成（1141s）→ C:/Users/User/Desktop/python/TWAssisant/backend/data/pool_merge_ab2.json
